// Jest Snapshot v1, https://goo.gl/fbAQLP

exports[`Text renders correctly 1`] = `
Array [
  .emotion-0 {
  display: -webkit-box;
  display: -webkit-flex;
  display: -ms-flexbox;
  display: flex;
  -webkit-align-items: center;
  -webkit-box-align: center;
  -ms-flex-align: center;
  align-items: center;
}

.emotion-1 {
  width: 14px;
  height: 14px;
  -webkit-flex-shrink: 0;
  -ms-flex-negative: 0;
  flex-shrink: 0;
  vertical-align: middle;
  width: 14px;
  height: 14px;
  width: 14px;
  height: 14px;
  fill: #5c606c;
  width: 14px;
  height: 14px;
  margin-right: 4px;
}

.emotion-2 {
  margin: 0;
  font-family: Inter,Arial,sans-serif;
  font-size: 12px;
  line-height: 20px;
  color: #000000;
  -webkit-font-smoothing: antialiased;
  overflow: hidden;
  text-overflow: ellipsis;
  white-space: nowrap;
  color: rgba(0, 0, 0, 0.65);
}

<div
    className="emotion-0"
    title="UriLabel"
  >
    <svg
      className="emotion-1"
      viewBox="0 0 14 14"
    >
      <use
        xlinkHref="#link"
      />
    </svg>
    <span
      className="emotion-2"
    >
      jh74gvr3-ec3-datacenter-southern.awa132.com
    </span>
  </div>,
  .emotion-0 {
  display: -webkit-box;
  display: -webkit-flex;
  display: -ms-flexbox;
  display: flex;
  -webkit-align-items: center;
  -webkit-box-align: center;
  -ms-flex-align: center;
  align-items: center;
}

.emotion-1 {
  width: 16px;
  height: 16px;
  -webkit-flex-shrink: 0;
  -ms-flex-negative: 0;
  flex-shrink: 0;
  vertical-align: middle;
  width: 14px;
  height: 14px;
  width: 16px;
  height: 16px;
  fill: #5c606c;
  fill: #ff272c;
  width: 14px;
  height: 14px;
  margin-right: 4px;
}

.emotion-2 {
  margin: 0;
  font-family: Inter,Arial,sans-serif;
  font-size: 12px;
  line-height: 20px;
  color: #000000;
  -webkit-font-smoothing: antialiased;
  overflow: hidden;
  text-overflow: ellipsis;
  white-space: nowrap;
  color: rgba(0, 0, 0, 0.65);
}

<div
    className="emotion-0"
    title="UriLabel"
  >
    <svg
      className="emotion-1"
      viewBox="0 0 16 16"
    >
      <use
        xlinkHref="#icon-bold-arrow-right"
      />
    </svg>
    <span
      className="emotion-2"
    >
      jh74gvr3-ec3-datacenter-southern.awa132.com
    </span>
  </div>,
  .emotion-0 {
  display: -webkit-box;
  display: -webkit-flex;
  display: -ms-flexbox;
  display: flex;
  -webkit-align-items: center;
  -webkit-box-align: center;
  -ms-flex-align: center;
  align-items: center;
}

.emotion-1 {
  width: 14px;
  height: 14px;
  -webkit-flex-shrink: 0;
  -ms-flex-negative: 0;
  flex-shrink: 0;
  vertical-align: middle;
  width: 14px;
  height: 14px;
  width: 14px;
  height: 14px;
  fill: #ff272c;
  width: 14px;
  height: 14px;
  margin-right: 4px;
}

.emotion-2 {
  margin: 0;
  font-family: Inter,Arial,sans-serif;
  font-size: 12px;
  line-height: 20px;
  color: #000000;
  -webkit-font-smoothing: antialiased;
  overflow: hidden;
  text-overflow: ellipsis;
  white-space: nowrap;
  color: rgba(0, 0, 0, 0.65);
}

<div
    className="emotion-0"
    title="UriLabel"
  >
    <svg
      className="emotion-1"
      viewBox="0 0 14 14"
    >
      <use
        xlinkHref="#geo-pin"
      />
    </svg>
    <span
      className="emotion-2"
    >
      jh74gvr3-ec3-datacenter-southern.awa132.com
    </span>
  </div>,
]
`;
