// Jest Snapshot v1, https://goo.gl/fbAQLP

exports[`Modal renders closed 1`] = `null`;

exports[`Modal renders modal with form 1`] = `
<div
  className="css-fp900x"
  onMouseDown={[Function]}
>
  <form
    className="css-xynqqq"
    onKeyDown={[Function]}
    onSubmit={[Function]}
    tabIndex={0}
  >
    <h2
      className="css-34jfdi"
    >
      Configure server
    </h2>
    <svg
      className="css-1t4o2sh"
      onClick={[Function]}
      viewBox="0 0 16 16"
    >
      <use
        xlinkHref="#close"
      />
    </svg>
    <div
      className="css-i9gxme"
    >
      <label
        className="css-kf3i1p"
      >
        <div
          className="css-13kfgn1"
        >
          <span
            className="css-dpor9z"
          >
            First input
          </span>
        </div>
        <div
          className="css-142sba0"
        >
          <input
            className="css-1ssefzq"
            onBlur={[Function]}
            onFocus={[Function]}
          />
        </div>
        <p
          className="css-5ut22t"
        />
      </label>
    </div>
    <div
      className="css-vtqncq"
    >
      <div
        className="css-99wgdf"
      >
        <div
          className="css-12ibiio"
        >
          <button
            className="css-fz07pv"
            type="submit"
          >
            Accept
          </button>
        </div>
        <div
          className="css-12ibiio"
        >
          <button
            className="css-xhnfgx"
            onClick={[Function]}
            type="button"
          >
            Decline
          </button>
        </div>
      </div>
    </div>
    <div
      className="css-vnc1z7"
      onFocus={[Function]}
      tabIndex="0"
    />
  </form>
</div>
`;

exports[`Modal renders modal with large text 1`] = `
<div
  className="css-fp900x"
  onMouseDown={[Function]}
>
  <div
    className="css-8ieuwu"
    onKeyDown={[Function]}
    tabIndex={0}
  >
    <h2
      className="css-34jfdi"
    >
      Configure server
    </h2>
    <svg
      className="css-1t4o2sh"
      onClick={[Function]}
      viewBox="0 0 16 16"
    >
      <use
        xlinkHref="#close"
      />
    </svg>
    <div
      className="css-i9gxme"
    >
      <div
        className="css-1j7f3i8"
      >
        But I must explain to you how all this mistaken idea of denouncing pleasure and praising pain was born and I will give you a complete account of the system, and expound the actual teachings of the great explorer of the truth, the master-builder of human happiness.But I must explain to you how all this mistaken idea of denouncing pleasure and praising pain was born and I will give you a complete account of the system, and expound the actual teachings of the great explorer of the truth, the master-builder of human happiness.But I must explain to you how all this mistaken idea of denouncing pleasure and praising pain was born and I will give you a complete account of the system, and expound the actual teachings of the great explorer of the truth, the master-builder of human happiness.But I must explain to you how all this mistaken idea of denouncing pleasure and praising pain was born and I will give you a complete account of the system, and expound the actual teachings of the great explorer of the truth, the master-builder of human happiness.But I must explain to you how all this mistaken idea of denouncing pleasure and praising pain was born and I will give you a complete account of the system, and expound the actual teachings of the great explorer of the truth, the master-builder of human happiness.But I must explain to you how all this mistaken idea of denouncing pleasure and praising pain was born and I will give you a complete account of the system, and expound the actual teachings of the great explorer of the truth, the master-builder of human happiness.But I must explain to you how all this mistaken idea of denouncing pleasure and praising pain was born and I will give you a complete account of the system, and expound the actual teachings of the great explorer of the truth, the master-builder of human happiness.But I must explain to you how all this mistaken idea of denouncing pleasure and praising pain was born and I will give you a complete account of the system, and expound the actual teachings of the great explorer of the truth, the master-builder of human happiness.But I must explain to you how all this mistaken idea of denouncing pleasure and praising pain was born and I will give you a complete account of the system, and expound the actual teachings of the great explorer of the truth, the master-builder of human happiness.But I must explain to you how all this mistaken idea of denouncing pleasure and praising pain was born and I will give you a complete account of the system, and expound the actual teachings of the great explorer of the truth, the master-builder of human happiness.But I must explain to you how all this mistaken idea of denouncing pleasure and praising pain was born and I will give you a complete account of the system, and expound the actual teachings of the great explorer of the truth, the master-builder of human happiness.But I must explain to you how all this mistaken idea of denouncing pleasure and praising pain was born and I will give you a complete account of the system, and expound the actual teachings of the great explorer of the truth, the master-builder of human happiness.But I must explain to you how all this mistaken idea of denouncing pleasure and praising pain was born and I will give you a complete account of the system, and expound the actual teachings of the great explorer of the truth, the master-builder of human happiness.But I must explain to you how all this mistaken idea of denouncing pleasure and praising pain was born and I will give you a complete account of the system, and expound the actual teachings of the great explorer of the truth, the master-builder of human happiness.But I must explain to you how all this mistaken idea of denouncing pleasure and praising pain was born and I will give you a complete account of the system, and expound the actual teachings of the great explorer of the truth, the master-builder of human happiness.But I must explain to you how all this mistaken idea of denouncing pleasure and praising pain was born and I will give you a complete account of the system, and expound the actual teachings of the great explorer of the truth, the master-builder of human happiness.But I must explain to you how all this mistaken idea of denouncing pleasure and praising pain was born and I will give you a complete account of the system, and expound the actual teachings of the great explorer of the truth, the master-builder of human happiness.But I must explain to you how all this mistaken idea of denouncing pleasure and praising pain was born and I will give you a complete account of the system, and expound the actual teachings of the great explorer of the truth, the master-builder of human happiness.But I must explain to you how all this mistaken idea of denouncing pleasure and praising pain was born and I will give you a complete account of the system, and expound the actual teachings of the great explorer of the truth, the master-builder of human happiness.But I must explain to you how all this mistaken idea of denouncing pleasure and praising pain was born and I will give you a complete account of the system, and expound the actual teachings of the great explorer of the truth, the master-builder of human happiness.But I must explain to you how all this mistaken idea of denouncing pleasure and praising pain was born and I will give you a complete account of the system, and expound the actual teachings of the great explorer of the truth, the master-builder of human happiness.But I must explain to you how all this mistaken idea of denouncing pleasure and praising pain was born and I will give you a complete account of the system, and expound the actual teachings of the great explorer of the truth, the master-builder of human happiness.But I must explain to you how all this mistaken idea of denouncing pleasure and praising pain was born and I will give you a complete account of the system, and expound the actual teachings of the great explorer of the truth, the master-builder of human happiness.But I must explain to you how all this mistaken idea of denouncing pleasure and praising pain was born and I will give you a complete account of the system, and expound the actual teachings of the great explorer of the truth, the master-builder of human happiness.But I must explain to you how all this mistaken idea of denouncing pleasure and praising pain was born and I will give you a complete account of the system, and expound the actual teachings of the great explorer of the truth, the master-builder of human happiness.But I must explain to you how all this mistaken idea of denouncing pleasure and praising pain was born and I will give you a complete account of the system, and expound the actual teachings of the great explorer of the truth, the master-builder of human happiness.But I must explain to you how all this mistaken idea of denouncing pleasure and praising pain was born and I will give you a complete account of the system, and expound the actual teachings of the great explorer of the truth, the master-builder of human happiness.But I must explain to you how all this mistaken idea of denouncing pleasure and praising pain was born and I will give you a complete account of the system, and expound the actual teachings of the great explorer of the truth, the master-builder of human happiness.But I must explain to you how all this mistaken idea of denouncing pleasure and praising pain was born and I will give you a complete account of the system, and expound the actual teachings of the great explorer of the truth, the master-builder of human happiness.But I must explain to you how all this mistaken idea of denouncing pleasure and praising pain was born and I will give you a complete account of the system, and expound the actual teachings of the great explorer of the truth, the master-builder of human happiness.But I must explain to you how all this mistaken idea of denouncing pleasure and praising pain was born and I will give you a complete account of the system, and expound the actual teachings of the great explorer of the truth, the master-builder of human happiness.But I must explain to you how all this mistaken idea of denouncing pleasure and praising pain was born and I will give you a complete account of the system, and expound the actual teachings of the great explorer of the truth, the master-builder of human happiness.But I must explain to you how all this mistaken idea of denouncing pleasure and praising pain was born and I will give you a complete account of the system, and expound the actual teachings of the great explorer of the truth, the master-builder of human happiness.But I must explain to you how all this mistaken idea of denouncing pleasure and praising pain was born and I will give you a complete account of the system, and expound the actual teachings of the great explorer of the truth, the master-builder of human happiness.But I must explain to you how all this mistaken idea of denouncing pleasure and praising pain was born and I will give you a complete account of the system, and expound the actual teachings of the great explorer of the truth, the master-builder of human happiness.But I must explain to you how all this mistaken idea of denouncing pleasure and praising pain was born and I will give you a complete account of the system, and expound the actual teachings of the great explorer of the truth, the master-builder of human happiness.But I must explain to you how all this mistaken idea of denouncing pleasure and praising pain was born and I will give you a complete account of the system, and expound the actual teachings of the great explorer of the truth, the master-builder of human happiness.But I must explain to you how all this mistaken idea of denouncing pleasure and praising pain was born and I will give you a complete account of the system, and expound the actual teachings of the great explorer of the truth, the master-builder of human happiness.But I must explain to you how all this mistaken idea of denouncing pleasure and praising pain was born and I will give you a complete account of the system, and expound the actual teachings of the great explorer of the truth, the master-builder of human happiness.But I must explain to you how all this mistaken idea of denouncing pleasure and praising pain was born and I will give you a complete account of the system, and expound the actual teachings of the great explorer of the truth, the master-builder of human happiness.
      </div>
      <div
        className="css-vtqncq"
      >
        <div
          className="css-99wgdf"
        >
          <div
            className="css-12ibiio"
          >
            <button
              className="css-fz07pv"
              type="button"
            >
              Accept
            </button>
          </div>
          <div
            className="css-12ibiio"
          >
            <button
              className="css-xhnfgx"
              type="button"
            >
              Decline
            </button>
          </div>
        </div>
      </div>
    </div>
    <div
      className="css-vnc1z7"
      onFocus={[Function]}
      tabIndex="0"
    />
  </div>
</div>
`;

exports[`Modal renders modal with tabs 1`] = `
<div
  className="css-fp900x"
  onMouseDown={[Function]}
>
  <div
    className="css-e8de1g"
    onKeyDown={[Function]}
    tabIndex={0}
  >
    <h2
      className="css-34jfdi"
    >
      Configure server
    </h2>
    <svg
      className="css-1t4o2sh"
      onClick={[Function]}
      viewBox="0 0 16 16"
    >
      <use
        xlinkHref="#close"
      />
    </svg>
    <div
      className="css-i9gxme"
    >
      <div
        className="css-1g4yje1"
      >
        <div
          className="css-0"
        >
          <button
            className="css-1x4d7qt"
            onClick={[Function]}
          >
            Create Replica Set
          </button>
          <button
            className="css-1xb0ngy"
            onClick={[Function]}
          >
            Join Replica Set
          </button>
          <button
            className="css-1xb0ngy"
            onClick={[Function]}
          >
            Bad example tab
          </button>
        </div>
        <div
          className="css-3nlq3p"
        >
          <div
            className="css-1wzifj2"
          >
            But I must explain to you how all this mistaken idea of denouncing pleasure and praising pain was born and I will give you a complete account of the system, and expound the actual teachings of the great explorer of the truth, the master-builder of human happiness.But I must explain to you how all this mistaken idea of denouncing pleasure and praising pain was born and I will give you a complete account of the system, and expound the actual teachings of the great explorer of the truth, the master-builder of human happiness.But I must explain to you how all this mistaken idea of denouncing pleasure and praising pain was born and I will give you a complete account of the system, and expound the actual teachings of the great explorer of the truth, the master-builder of human happiness.But I must explain to you how all this mistaken idea of denouncing pleasure and praising pain was born and I will give you a complete account of the system, and expound the actual teachings of the great explorer of the truth, the master-builder of human happiness.But I must explain to you how all this mistaken idea of denouncing pleasure and praising pain was born and I will give you a complete account of the system, and expound the actual teachings of the great explorer of the truth, the master-builder of human happiness.But I must explain to you how all this mistaken idea of denouncing pleasure and praising pain was born and I will give you a complete account of the system, and expound the actual teachings of the great explorer of the truth, the master-builder of human happiness.But I must explain to you how all this mistaken idea of denouncing pleasure and praising pain was born and I will give you a complete account of the system, and expound the actual teachings of the great explorer of the truth, the master-builder of human happiness.But I must explain to you how all this mistaken idea of denouncing pleasure and praising pain was born and I will give you a complete account of the system, and expound the actual teachings of the great explorer of the truth, the master-builder of human happiness.But I must explain to you how all this mistaken idea of denouncing pleasure and praising pain was born and I will give you a complete account of the system, and expound the actual teachings of the great explorer of the truth, the master-builder of human happiness.But I must explain to you how all this mistaken idea of denouncing pleasure and praising pain was born and I will give you a complete account of the system, and expound the actual teachings of the great explorer of the truth, the master-builder of human happiness.
          </div>
        </div>
      </div>
      <div
        className="css-vtqncq"
      >
        <div
          className="css-99wgdf"
        >
          <div
            className="css-12ibiio"
          >
            <button
              className="css-fz07pv"
              type="button"
            >
              Accept
            </button>
          </div>
          <div
            className="css-12ibiio"
          >
            <button
              className="css-xhnfgx"
              type="button"
            >
              Decline
            </button>
          </div>
        </div>
      </div>
    </div>
    <div
      className="css-vnc1z7"
      onFocus={[Function]}
      tabIndex="0"
    />
  </div>
</div>
`;

exports[`Modal renders simple modal 1`] = `
<div
  className="css-fp900x"
  onMouseDown={[Function]}
>
  <div
    className="css-xynqqq"
    onKeyDown={[Function]}
    tabIndex={0}
  >
    <h2
      className="css-34jfdi"
    >
      Simple Modal
    </h2>
    <svg
      className="css-1t4o2sh"
      onClick={[Function]}
      viewBox="0 0 16 16"
    >
      <use
        xlinkHref="#close"
      />
    </svg>
    <div
      className="css-i9gxme"
    >
      <div
        className="css-1j7f3i8"
      >
        But I must explain to you how all this mistaken idea of denouncing pleasure and praising pain was born and I will give you a complete account of the system, and expound the actual teachings of the great explorer of the truth, the master-builder of human happiness.
      </div>
      <div
        className="css-vtqncq"
      >
        <div
          className="css-99wgdf"
        >
          <div
            className="css-12ibiio"
          >
            <button
              className="css-fz07pv"
              type="button"
            >
              Accept
            </button>
          </div>
          <div
            className="css-12ibiio"
          >
            <button
              className="css-xhnfgx"
              type="button"
            >
              Decline
            </button>
          </div>
        </div>
      </div>
    </div>
    <div
      className="css-vnc1z7"
      onFocus={[Function]}
      tabIndex="0"
    />
  </div>
</div>
`;
