// Jest Snapshot v1, https://goo.gl/fbAQLP

exports[`Checkbox renders correctly 1`] = `
Array [
  <label
    className="css-759u60"
    title="Indeterminate"
  >
    <input
      checked={false}
      className="css-1fb08im"
      disabled={false}
      onChange={[Function]}
      type="checkbox"
    />
    <div
      className="css-1ysxw4w"
    >
      <svg
        className="css-1v31moo"
        viewBox="0 0 16 16"
      >
        <use
          xlinkHref="#checkbox-indeterminate"
        />
      </svg>
    </div>
    <span
      className="css-1ggp6x0"
    >
      Checked
    </span>
  </label>,
  <label
    className="css-759u60"
  >
    <input
      checked={true}
      className="css-1fb08im"
      disabled={false}
      onChange={[Function]}
      type="checkbox"
    />
    <div
      className="css-1ysxw4w"
    >
      <svg
        className="css-1v31moo"
        viewBox="0 0 16 16"
      >
        <use
          xlinkHref="#checkbox-indeterminate"
        />
      </svg>
    </div>
    <span
      className="css-1ggp6x0"
    >
      Checked
    </span>
  </label>,
  <label
    className="css-759u60"
    title="Initial"
  >
    <input
      checked={true}
      className="css-1fb08im"
      disabled={false}
      onChange={[Function]}
      type="checkbox"
    />
    <div
      className="css-1ysxw4w"
    >
      <svg
        className="css-1v31moo"
        viewBox="0 0 16 16"
      >
        <use
          xlinkHref="#checkbox-checked"
        />
      </svg>
    </div>
    <span
      className="css-1ggp6x0"
    >
      Checked
    </span>
  </label>,
  <label
    className="css-759u60"
  >
    <input
      checked={false}
      className="css-1fb08im"
      disabled={false}
      onChange={[Function]}
      type="checkbox"
    />
    <div
      className="css-1ysxw4w"
    >
      <svg
        className="css-1v31moo"
        viewBox="0 0 16 16"
      >
        <use
          xlinkHref="#checkbox"
        />
      </svg>
    </div>
    <span
      className="css-1ggp6x0"
    >
      Initial
    </span>
  </label>,
  <label
    className="css-759u60"
  >
    <input
      checked={true}
      className="css-1fb08im"
      disabled={true}
      onChange={[Function]}
      type="checkbox"
    />
    <div
      className="css-1ysxw4w"
    >
      <svg
        className="css-17jpq69"
        viewBox="0 0 16 16"
      >
        <use
          xlinkHref="#checkbox-indeterminate-disabled"
        />
      </svg>
    </div>
    <span
      className="css-1ggp6x0"
    >
      Checked disabled
    </span>
  </label>,
  <label
    className="css-759u60"
  >
    <input
      checked={false}
      className="css-1fb08im"
      disabled={true}
      onChange={[Function]}
      type="checkbox"
    />
    <div
      className="css-1ysxw4w"
    >
      <svg
        className="css-17jpq69"
        viewBox="0 0 16 16"
      >
        <use
          xlinkHref="#checkbox-indeterminate-disabled"
        />
      </svg>
    </div>
    <span
      className="css-1ggp6x0"
    >
      Disabled
    </span>
  </label>,
  <label
    className="css-759u60"
  >
    <input
      checked={true}
      className="css-1fb08im"
      disabled={true}
      onChange={[Function]}
      type="checkbox"
    />
    <div
      className="css-1ysxw4w"
    >
      <svg
        className="css-17jpq69"
        viewBox="0 0 16 16"
      >
        <use
          xlinkHref="#checkbox-checked-disabled"
        />
      </svg>
    </div>
    <span
      className="css-1ggp6x0"
    >
      Checked disabled
    </span>
  </label>,
  <label
    className="css-759u60"
  >
    <input
      checked={false}
      className="css-1fb08im"
      disabled={true}
      onChange={[Function]}
      type="checkbox"
    />
    <div
      className="css-1ysxw4w"
    >
      <svg
        className="css-17jpq69"
        viewBox="0 0 16 16"
      >
        <use
          xlinkHref="#checkbox-disabled"
        />
      </svg>
    </div>
    <span
      className="css-1ggp6x0"
    >
      Disabled
    </span>
  </label>,
]
`;
