// Jest Snapshot v1, https://goo.gl/fbAQLP

exports[`TiledList renders correctly 1`] = `
Array [
  .emotion-0 {
  padding: 0;
  list-style: none;
  margin: 0 -16px;
}

.emotion-1 {
  padding: 12px 16px;
  margin-bottom: 8px;
  border-radius: 2px;
  background-color: #ffffff;
  box-shadow: 0 1px 4px 0 rgba(0, 0, 0, 0.11);
  display: -webkit-box;
  display: -webkit-flex;
  display: -ms-flexbox;
  display: flex;
  -webkit-box-pack: justify;
  -webkit-justify-content: space-between;
  justify-content: space-between;
}

.emotion-1:last-child {
  margin-bottom: 0;
}

.emotion-2 {
  margin: 0;
  font-family: Inter,Arial,sans-serif;
  font-size: 14px;
  line-height: 22px;
  color: #000000;
  -webkit-font-smoothing: antialiased;
}

.emotion-2 b {
  font-weight: 600;
}

.emotion-3 {
  margin: 0;
  font-family: Inter,Arial,sans-serif;
  font-size: 12px;
  line-height: 22px;
  text-transform: uppercase;
  letter-spacing: 0.01em;
  color: #040b1d;
  font-weight: 600;
  -webkit-font-smoothing: antialiased;
}

<ul
    className="emotion-0"
  >
    <li
      className="emotion-1"
    >
      <span
        className="emotion-2"
      >
        John
      </span>
      <span
        className="emotion-3"
      >
        $200
      </span>
    </li>
    <li
      className="emotion-1"
    >
      <span
        className="emotion-2"
      >
        Emily
      </span>
      <span
        className="emotion-3"
      >
        $1500
      </span>
    </li>
    <li
      className="emotion-1"
    >
      <span
        className="emotion-2"
      >
        Michael
      </span>
      <span
        className="emotion-3"
      >
        $500
      </span>
    </li>
  </ul>,
  .emotion-0 {
  padding: 0;
  list-style: none;
}

.emotion-1 {
  padding: 12px 16px;
  margin-bottom: 8px;
  border-radius: 2px;
  background-color: #ffffff;
  box-shadow: 0 1px 4px 0 rgba(0, 0, 0, 0.11);
  border-radius: 4px;
  margin-bottom: 16px;
  display: -webkit-box;
  display: -webkit-flex;
  display: -ms-flexbox;
  display: flex;
  -webkit-box-pack: justify;
  -webkit-justify-content: space-between;
  justify-content: space-between;
}

.emotion-1:last-child {
  margin-bottom: 0;
}

.emotion-2 {
  margin: 0;
  font-family: Inter,Arial,sans-serif;
  font-size: 14px;
  line-height: 22px;
  color: #000000;
  -webkit-font-smoothing: antialiased;
}

.emotion-2 b {
  font-weight: 600;
}

.emotion-3 {
  margin: 0;
  font-family: Inter,Arial,sans-serif;
  font-size: 12px;
  line-height: 22px;
  text-transform: uppercase;
  letter-spacing: 0.01em;
  color: #040b1d;
  font-weight: 600;
  -webkit-font-smoothing: antialiased;
}

<ul
    className="emotion-0"
  >
    <li
      className="emotion-1"
    >
      <span
        className="emotion-2"
      >
        John
      </span>
      <span
        className="emotion-3"
      >
        $200
      </span>
    </li>
    <li
      className="emotion-1"
    >
      <span
        className="emotion-2"
      >
        Emily
      </span>
      <span
        className="emotion-3"
      >
        $1500
      </span>
    </li>
    <li
      className="emotion-1"
    >
      <span
        className="emotion-2"
      >
        Michael
      </span>
      <span
        className="emotion-3"
      >
        $500
      </span>
    </li>
  </ul>,
]
`;
