// Jest Snapshot v1, https://goo.gl/fbAQLP

exports[`FormField renders correctly 1`] = `
<div
  className="css-pr10xp"
>
  <div
    className="css-1fg5of0"
  >
    <div
      className="css-1blnrmq"
    >
      <span
        className="css-1vk0mui"
      >
        VShard group
      </span>
      <div
        className="css-1ke4fav"
        onBlur={[Function]}
        onFocus={[Function]}
        onMouseEnter={[Function]}
        onMouseLeave={[Function]}
        onScroll={[Function]}
        placement="top"
      >
        <svg
          className="css-1f5lesb"
          viewBox="0 0 16 16"
        >
          <use
            xlinkHref="#info"
          />
        </svg>
      </div>
      <span
        className="css-xy38qa"
      >
        Subtitle
      </span>
    </div>
    <div
      className="css-wb214m"
    >
      <div
        className="css-13w52vd"
      >
        <button
          className="css-1mocbyz"
          type="button"
        >
          Right
        </button>
      </div>
      <div
        className="css-13w52vd"
      >
        <button
          className="css-1mocbyz"
          type="button"
        >
          Contorls
        </button>
      </div>
      <div
        className="css-13w52vd"
      >
        <button
          className="css-1mocbyz"
          type="button"
        >
          Pane
        </button>
      </div>
    </div>
  </div>
  <div
    className="css-17bfre1"
  >
    <div
      className="css-1m4nrnu"
    >
      <label
        className="css-1uoamx5"
      >
        <input
          checked={false}
          className="css-ve0h83"
          name="vshard_group"
          onChange={[MockFunction]}
          type="radio"
          value="group 1"
        />
        <div
          className="css-qqecie"
        >
          <svg
            className="css-6i3pkg"
            viewBox="0 0 16 16"
          >
            <use
              xlinkHref="#radio"
            />
          </svg>
        </div>
        <span
          className="css-1ybmbi2"
        >
          group 1
        </span>
      </label>
    </div>
    <div
      className="css-1m4nrnu"
    >
      <label
        className="css-1uoamx5"
      >
        <input
          checked={true}
          className="css-ve0h83"
          name="vshard_group"
          onChange={[MockFunction]}
          type="radio"
          value="group 2"
        />
        <div
          className="css-qqecie"
        >
          <svg
            className="css-6i3pkg"
            viewBox="0 0 16 16"
          >
            <use
              xlinkHref="#radio-checked"
            />
          </svg>
        </div>
        <span
          className="css-1ybmbi2"
        >
          group 2
        </span>
      </label>
    </div>
    <div
      className="css-1m4nrnu"
    >
      <label
        className="css-1uoamx5"
      >
        <input
          checked={false}
          className="css-ve0h83"
          name="vshard_group"
          onChange={[MockFunction]}
          type="radio"
          value="group 3"
        />
        <div
          className="css-qqecie"
        >
          <svg
            className="css-6i3pkg"
            viewBox="0 0 16 16"
          >
            <use
              xlinkHref="#radio"
            />
          </svg>
        </div>
        <span
          className="css-1ybmbi2"
        >
          group 3
        </span>
      </label>
    </div>
    <div
      className="css-1m4nrnu"
    >
      <label
        className="css-1uoamx5"
      >
        <input
          checked={false}
          className="css-ve0h83"
          name="vshard_group"
          onChange={[MockFunction]}
          type="radio"
          value="group 4"
        />
        <div
          className="css-qqecie"
        >
          <svg
            className="css-6i3pkg"
            viewBox="0 0 16 16"
          >
            <use
              xlinkHref="#radio"
            />
          </svg>
        </div>
        <span
          className="css-1ybmbi2"
        >
          group 4
        </span>
      </label>
    </div>
  </div>
</div>
`;
