// Jest Snapshot v1, https://goo.gl/fbAQLP

exports[`Buttons with icons renders correctly idle state 1`] = `
Array [
  <button
    className="css-evzklt"
    title="Click me right meow!"
    type="button"
  >
    <svg
      className="css-1xuhvjx"
      viewBox="0 0 16 16"
    >
      <use
        xlinkHref="#ok"
      />
    </svg>
    Click me
  </button>,
  <button
    className="css-4g5yri"
    disabled={true}
    title="Click me right meow!"
    type="button"
  >
    <svg
      className="css-1xuhvjx"
      viewBox="0 0 16 16"
    >
      <use
        xlinkHref="#ok"
      />
    </svg>
    Click me
  </button>,
  <button
    className="css-1d0donb"
    type="button"
  >
    <svg
      className="css-1xuhvjx"
      viewBox="0 0 16 16"
    >
      <use
        xlinkHref="#ok"
      />
    </svg>
    Click me
  </button>,
  <button
    className="css-1o8o0vs"
    disabled={true}
    type="button"
  >
    <svg
      className="css-1xuhvjx"
      viewBox="0 0 16 16"
    >
      <use
        xlinkHref="#ok"
      />
    </svg>
    Click me
  </button>,
  <button
    className="css-ukk37f"
    type="button"
  >
    <svg
      className="css-1xuhvjx"
      viewBox="0 0 16 16"
    >
      <use
        xlinkHref="#ok"
      />
    </svg>
    Click me
  </button>,
  <button
    className="css-9kqbid"
    disabled={true}
    type="button"
  >
    <svg
      className="css-1xuhvjx"
      viewBox="0 0 16 16"
    >
      <use
        xlinkHref="#ok"
      />
    </svg>
    Click me
  </button>,
  <button
    className="css-1xupjk8"
    type="button"
  >
    <svg
      className="css-1xuhvjx"
      viewBox="0 0 16 16"
    >
      <use
        xlinkHref="#ok"
      />
    </svg>
    Click me
  </button>,
  <button
    className="css-1d7p4vb"
    disabled={true}
    type="button"
  >
    <svg
      className="css-1xuhvjx"
      viewBox="0 0 16 16"
    >
      <use
        xlinkHref="#ok"
      />
    </svg>
    Click me
  </button>,
  <button
    className="css-1quqse9"
    type="button"
  >
    <svg
      className="css-1xuhvjx"
      viewBox="0 0 16 16"
    >
      <use
        xlinkHref="#ok"
      />
    </svg>
    Click me
  </button>,
  <button
    className="css-1xszzg0"
    disabled={true}
    type="button"
  >
    <svg
      className="css-1xuhvjx"
      viewBox="0 0 16 16"
    >
      <use
        xlinkHref="#ok"
      />
    </svg>
    Click me
  </button>,
  <button
    className="css-5gymlc"
    title="Click me right meow!"
    type="button"
  >
    <svg
      className="css-1xuhvjx"
      viewBox="0 0 16 16"
    >
      <use
        xlinkHref="#ok"
      />
    </svg>
    Click me
  </button>,
  <button
    className="css-1h9othq"
    disabled={true}
    title="Click me right meow!"
    type="button"
  >
    <svg
      className="css-1xuhvjx"
      viewBox="0 0 16 16"
    >
      <use
        xlinkHref="#ok"
      />
    </svg>
    Click me
  </button>,
  <button
    className="css-141k52v"
    type="button"
  >
    <svg
      className="css-1xuhvjx"
      viewBox="0 0 16 16"
    >
      <use
        xlinkHref="#ok"
      />
    </svg>
    Click me
  </button>,
  <button
    className="css-1sla6gb"
    disabled={true}
    type="button"
  >
    <svg
      className="css-1xuhvjx"
      viewBox="0 0 16 16"
    >
      <use
        xlinkHref="#ok"
      />
    </svg>
    Click me
  </button>,
  <button
    className="css-1tv1wm1"
    type="button"
  >
    <svg
      className="css-1xuhvjx"
      viewBox="0 0 16 16"
    >
      <use
        xlinkHref="#ok"
      />
    </svg>
    Click me
  </button>,
  <button
    className="css-1a0p913"
    disabled={true}
    type="button"
  >
    <svg
      className="css-1xuhvjx"
      viewBox="0 0 16 16"
    >
      <use
        xlinkHref="#ok"
      />
    </svg>
    Click me
  </button>,
  <button
    className="css-321179"
    type="button"
  >
    <svg
      className="css-1xuhvjx"
      viewBox="0 0 16 16"
    >
      <use
        xlinkHref="#ok"
      />
    </svg>
    Click me
  </button>,
  <button
    className="css-a30iox"
    disabled={true}
    type="button"
  >
    <svg
      className="css-1xuhvjx"
      viewBox="0 0 16 16"
    >
      <use
        xlinkHref="#ok"
      />
    </svg>
    Click me
  </button>,
  <button
    className="css-s9dxk4"
    type="button"
  >
    <svg
      className="css-1xuhvjx"
      viewBox="0 0 16 16"
    >
      <use
        xlinkHref="#ok"
      />
    </svg>
    Click me
  </button>,
  <button
    className="css-1hsw05e"
    disabled={true}
    type="button"
  >
    <svg
      className="css-1xuhvjx"
      viewBox="0 0 16 16"
    >
      <use
        xlinkHref="#ok"
      />
    </svg>
    Click me
  </button>,
  <button
    className="css-evzklt"
    title="Click me right meow!"
    type="button"
  >
    Click me
    <svg
      className="css-ya71j0"
      viewBox="0 0 16 16"
    >
      <use
        xlinkHref="#ok"
      />
    </svg>
  </button>,
  <button
    className="css-4g5yri"
    disabled={true}
    title="Click me right meow!"
    type="button"
  >
    Click me
    <svg
      className="css-ya71j0"
      viewBox="0 0 16 16"
    >
      <use
        xlinkHref="#ok"
      />
    </svg>
  </button>,
  <button
    className="css-1d0donb"
    type="button"
  >
    Click me
    <svg
      className="css-ya71j0"
      viewBox="0 0 16 16"
    >
      <use
        xlinkHref="#ok"
      />
    </svg>
  </button>,
  <button
    className="css-1o8o0vs"
    disabled={true}
    type="button"
  >
    Click me
    <svg
      className="css-ya71j0"
      viewBox="0 0 16 16"
    >
      <use
        xlinkHref="#ok"
      />
    </svg>
  </button>,
  <button
    className="css-ukk37f"
    type="button"
  >
    Click me
    <svg
      className="css-ya71j0"
      viewBox="0 0 16 16"
    >
      <use
        xlinkHref="#ok"
      />
    </svg>
  </button>,
  <button
    className="css-9kqbid"
    disabled={true}
    type="button"
  >
    Click me
    <svg
      className="css-ya71j0"
      viewBox="0 0 16 16"
    >
      <use
        xlinkHref="#ok"
      />
    </svg>
  </button>,
  <button
    className="css-1xupjk8"
    type="button"
  >
    Click me
    <svg
      className="css-ya71j0"
      viewBox="0 0 16 16"
    >
      <use
        xlinkHref="#ok"
      />
    </svg>
  </button>,
  <button
    className="css-1d7p4vb"
    disabled={true}
    type="button"
  >
    Click me
    <svg
      className="css-ya71j0"
      viewBox="0 0 16 16"
    >
      <use
        xlinkHref="#ok"
      />
    </svg>
  </button>,
  <button
    className="css-1quqse9"
    type="button"
  >
    Click me
    <svg
      className="css-ya71j0"
      viewBox="0 0 16 16"
    >
      <use
        xlinkHref="#ok"
      />
    </svg>
  </button>,
  <button
    className="css-1xszzg0"
    disabled={true}
    type="button"
  >
    Click me
    <svg
      className="css-ya71j0"
      viewBox="0 0 16 16"
    >
      <use
        xlinkHref="#ok"
      />
    </svg>
  </button>,
  <button
    className="css-5gymlc"
    title="Click me right meow!"
    type="button"
  >
    Click me
    <svg
      className="css-ya71j0"
      viewBox="0 0 16 16"
    >
      <use
        xlinkHref="#ok"
      />
    </svg>
  </button>,
  <button
    className="css-1h9othq"
    disabled={true}
    title="Click me right meow!"
    type="button"
  >
    Click me
    <svg
      className="css-ya71j0"
      viewBox="0 0 16 16"
    >
      <use
        xlinkHref="#ok"
      />
    </svg>
  </button>,
  <button
    className="css-141k52v"
    type="button"
  >
    Click me
    <svg
      className="css-ya71j0"
      viewBox="0 0 16 16"
    >
      <use
        xlinkHref="#ok"
      />
    </svg>
  </button>,
  <button
    className="css-1sla6gb"
    disabled={true}
    type="button"
  >
    Click me
    <svg
      className="css-ya71j0"
      viewBox="0 0 16 16"
    >
      <use
        xlinkHref="#ok"
      />
    </svg>
  </button>,
  <button
    className="css-1tv1wm1"
    type="button"
  >
    Click me
    <svg
      className="css-ya71j0"
      viewBox="0 0 16 16"
    >
      <use
        xlinkHref="#ok"
      />
    </svg>
  </button>,
  <button
    className="css-1a0p913"
    disabled={true}
    type="button"
  >
    Click me
    <svg
      className="css-ya71j0"
      viewBox="0 0 16 16"
    >
      <use
        xlinkHref="#ok"
      />
    </svg>
  </button>,
  <button
    className="css-321179"
    type="button"
  >
    Click me
    <svg
      className="css-ya71j0"
      viewBox="0 0 16 16"
    >
      <use
        xlinkHref="#ok"
      />
    </svg>
  </button>,
  <button
    className="css-a30iox"
    disabled={true}
    type="button"
  >
    Click me
    <svg
      className="css-ya71j0"
      viewBox="0 0 16 16"
    >
      <use
        xlinkHref="#ok"
      />
    </svg>
  </button>,
  <button
    className="css-s9dxk4"
    type="button"
  >
    Click me
    <svg
      className="css-ya71j0"
      viewBox="0 0 16 16"
    >
      <use
        xlinkHref="#ok"
      />
    </svg>
  </button>,
  <button
    className="css-1hsw05e"
    disabled={true}
    type="button"
  >
    Click me
    <svg
      className="css-ya71j0"
      viewBox="0 0 16 16"
    >
      <use
        xlinkHref="#ok"
      />
    </svg>
  </button>,
  <button
    className="css-evzklt"
    title="Click me right meow!"
    type="button"
  >
    <svg
      className="css-1xuhvjx"
      viewBox="0 0 16 16"
    >
      <use
        xlinkHref="#ok"
      />
    </svg>
    Click me
    <svg
      className="css-ya71j0"
      viewBox="0 0 16 16"
    >
      <use
        xlinkHref="#ok"
      />
    </svg>
  </button>,
  <button
    className="css-4g5yri"
    disabled={true}
    title="Click me right meow!"
    type="button"
  >
    <svg
      className="css-1xuhvjx"
      viewBox="0 0 16 16"
    >
      <use
        xlinkHref="#ok"
      />
    </svg>
    Click me
    <svg
      className="css-ya71j0"
      viewBox="0 0 16 16"
    >
      <use
        xlinkHref="#ok"
      />
    </svg>
  </button>,
  <button
    className="css-1d0donb"
    type="button"
  >
    <svg
      className="css-1xuhvjx"
      viewBox="0 0 16 16"
    >
      <use
        xlinkHref="#ok"
      />
    </svg>
    Click me
    <svg
      className="css-ya71j0"
      viewBox="0 0 16 16"
    >
      <use
        xlinkHref="#ok"
      />
    </svg>
  </button>,
  <button
    className="css-1o8o0vs"
    disabled={true}
    type="button"
  >
    <svg
      className="css-1xuhvjx"
      viewBox="0 0 16 16"
    >
      <use
        xlinkHref="#ok"
      />
    </svg>
    Click me
    <svg
      className="css-ya71j0"
      viewBox="0 0 16 16"
    >
      <use
        xlinkHref="#ok"
      />
    </svg>
  </button>,
  <button
    className="css-ukk37f"
    type="button"
  >
    <svg
      className="css-1xuhvjx"
      viewBox="0 0 16 16"
    >
      <use
        xlinkHref="#ok"
      />
    </svg>
    Click me
    <svg
      className="css-ya71j0"
      viewBox="0 0 16 16"
    >
      <use
        xlinkHref="#ok"
      />
    </svg>
  </button>,
  <button
    className="css-9kqbid"
    disabled={true}
    type="button"
  >
    <svg
      className="css-1xuhvjx"
      viewBox="0 0 16 16"
    >
      <use
        xlinkHref="#ok"
      />
    </svg>
    Click me
    <svg
      className="css-ya71j0"
      viewBox="0 0 16 16"
    >
      <use
        xlinkHref="#ok"
      />
    </svg>
  </button>,
  <button
    className="css-1xupjk8"
    type="button"
  >
    <svg
      className="css-1xuhvjx"
      viewBox="0 0 16 16"
    >
      <use
        xlinkHref="#ok"
      />
    </svg>
    Click me
    <svg
      className="css-ya71j0"
      viewBox="0 0 16 16"
    >
      <use
        xlinkHref="#ok"
      />
    </svg>
  </button>,
  <button
    className="css-1d7p4vb"
    disabled={true}
    type="button"
  >
    <svg
      className="css-1xuhvjx"
      viewBox="0 0 16 16"
    >
      <use
        xlinkHref="#ok"
      />
    </svg>
    Click me
    <svg
      className="css-ya71j0"
      viewBox="0 0 16 16"
    >
      <use
        xlinkHref="#ok"
      />
    </svg>
  </button>,
  <button
    className="css-1quqse9"
    type="button"
  >
    <svg
      className="css-1xuhvjx"
      viewBox="0 0 16 16"
    >
      <use
        xlinkHref="#ok"
      />
    </svg>
    Click me
    <svg
      className="css-ya71j0"
      viewBox="0 0 16 16"
    >
      <use
        xlinkHref="#ok"
      />
    </svg>
  </button>,
  <button
    className="css-1xszzg0"
    disabled={true}
    type="button"
  >
    <svg
      className="css-1xuhvjx"
      viewBox="0 0 16 16"
    >
      <use
        xlinkHref="#ok"
      />
    </svg>
    Click me
    <svg
      className="css-ya71j0"
      viewBox="0 0 16 16"
    >
      <use
        xlinkHref="#ok"
      />
    </svg>
  </button>,
  <button
    className="css-5gymlc"
    title="Click me right meow!"
    type="button"
  >
    <svg
      className="css-1xuhvjx"
      viewBox="0 0 16 16"
    >
      <use
        xlinkHref="#ok"
      />
    </svg>
    Click me
    <svg
      className="css-ya71j0"
      viewBox="0 0 16 16"
    >
      <use
        xlinkHref="#ok"
      />
    </svg>
  </button>,
  <button
    className="css-1h9othq"
    disabled={true}
    title="Click me right meow!"
    type="button"
  >
    <svg
      className="css-1xuhvjx"
      viewBox="0 0 16 16"
    >
      <use
        xlinkHref="#ok"
      />
    </svg>
    Click me
    <svg
      className="css-ya71j0"
      viewBox="0 0 16 16"
    >
      <use
        xlinkHref="#ok"
      />
    </svg>
  </button>,
  <button
    className="css-141k52v"
    type="button"
  >
    <svg
      className="css-1xuhvjx"
      viewBox="0 0 16 16"
    >
      <use
        xlinkHref="#ok"
      />
    </svg>
    Click me
    <svg
      className="css-ya71j0"
      viewBox="0 0 16 16"
    >
      <use
        xlinkHref="#ok"
      />
    </svg>
  </button>,
  <button
    className="css-1sla6gb"
    disabled={true}
    type="button"
  >
    <svg
      className="css-1xuhvjx"
      viewBox="0 0 16 16"
    >
      <use
        xlinkHref="#ok"
      />
    </svg>
    Click me
    <svg
      className="css-ya71j0"
      viewBox="0 0 16 16"
    >
      <use
        xlinkHref="#ok"
      />
    </svg>
  </button>,
  <button
    className="css-1tv1wm1"
    type="button"
  >
    <svg
      className="css-1xuhvjx"
      viewBox="0 0 16 16"
    >
      <use
        xlinkHref="#ok"
      />
    </svg>
    Click me
    <svg
      className="css-ya71j0"
      viewBox="0 0 16 16"
    >
      <use
        xlinkHref="#ok"
      />
    </svg>
  </button>,
  <button
    className="css-1a0p913"
    disabled={true}
    type="button"
  >
    <svg
      className="css-1xuhvjx"
      viewBox="0 0 16 16"
    >
      <use
        xlinkHref="#ok"
      />
    </svg>
    Click me
    <svg
      className="css-ya71j0"
      viewBox="0 0 16 16"
    >
      <use
        xlinkHref="#ok"
      />
    </svg>
  </button>,
  <button
    className="css-321179"
    type="button"
  >
    <svg
      className="css-1xuhvjx"
      viewBox="0 0 16 16"
    >
      <use
        xlinkHref="#ok"
      />
    </svg>
    Click me
    <svg
      className="css-ya71j0"
      viewBox="0 0 16 16"
    >
      <use
        xlinkHref="#ok"
      />
    </svg>
  </button>,
  <button
    className="css-a30iox"
    disabled={true}
    type="button"
  >
    <svg
      className="css-1xuhvjx"
      viewBox="0 0 16 16"
    >
      <use
        xlinkHref="#ok"
      />
    </svg>
    Click me
    <svg
      className="css-ya71j0"
      viewBox="0 0 16 16"
    >
      <use
        xlinkHref="#ok"
      />
    </svg>
  </button>,
  <button
    className="css-s9dxk4"
    type="button"
  >
    <svg
      className="css-1xuhvjx"
      viewBox="0 0 16 16"
    >
      <use
        xlinkHref="#ok"
      />
    </svg>
    Click me
    <svg
      className="css-ya71j0"
      viewBox="0 0 16 16"
    >
      <use
        xlinkHref="#ok"
      />
    </svg>
  </button>,
  <button
    className="css-1hsw05e"
    disabled={true}
    type="button"
  >
    <svg
      className="css-1xuhvjx"
      viewBox="0 0 16 16"
    >
      <use
        xlinkHref="#ok"
      />
    </svg>
    Click me
    <svg
      className="css-ya71j0"
      viewBox="0 0 16 16"
    >
      <use
        xlinkHref="#ok"
      />
    </svg>
  </button>,
]
`;

exports[`Buttons with icons renders correctly loading state 1`] = `
Array [
  <button
    className="css-18yfhk3"
    title="Click me right meow!"
    type="button"
  >
    <svg
      className="css-1xuhvjx"
      viewBox="0 0 16 16"
    >
      <use
        xlinkHref="#ok"
      />
    </svg>
    Click me
    <div
      className="css-9lvo7z"
    >
      <svg
        className="css-2ujzs2"
        viewBox="0 0 128 128"
      >
        <use
          xlinkHref="#icon-spinner"
        />
      </svg>
    </div>
  </button>,
  <button
    className="css-4g5yri"
    disabled={true}
    title="Click me right meow!"
    type="button"
  >
    <svg
      className="css-1xuhvjx"
      viewBox="0 0 16 16"
    >
      <use
        xlinkHref="#ok"
      />
    </svg>
    Click me
  </button>,
  <button
    className="css-1rktl4m"
    type="button"
  >
    <svg
      className="css-1xuhvjx"
      viewBox="0 0 16 16"
    >
      <use
        xlinkHref="#ok"
      />
    </svg>
    Click me
    <div
      className="css-9lvo7z"
    >
      <svg
        className="css-2ujzs2"
        viewBox="0 0 128 128"
      >
        <use
          xlinkHref="#icon-spinner"
        />
      </svg>
    </div>
  </button>,
  <button
    className="css-1o8o0vs"
    disabled={true}
    type="button"
  >
    <svg
      className="css-1xuhvjx"
      viewBox="0 0 16 16"
    >
      <use
        xlinkHref="#ok"
      />
    </svg>
    Click me
  </button>,
  <button
    className="css-b8lgww"
    type="button"
  >
    <svg
      className="css-1xuhvjx"
      viewBox="0 0 16 16"
    >
      <use
        xlinkHref="#ok"
      />
    </svg>
    Click me
    <div
      className="css-9lvo7z"
    >
      <svg
        className="css-2ujzs2"
        viewBox="0 0 128 128"
      >
        <use
          xlinkHref="#icon-spinner"
        />
      </svg>
    </div>
  </button>,
  <button
    className="css-9kqbid"
    disabled={true}
    type="button"
  >
    <svg
      className="css-1xuhvjx"
      viewBox="0 0 16 16"
    >
      <use
        xlinkHref="#ok"
      />
    </svg>
    Click me
  </button>,
  <button
    className="css-sexjz1"
    type="button"
  >
    <svg
      className="css-1xuhvjx"
      viewBox="0 0 16 16"
    >
      <use
        xlinkHref="#ok"
      />
    </svg>
    Click me
    <div
      className="css-9lvo7z"
    >
      <svg
        className="css-2ujzs2"
        viewBox="0 0 128 128"
      >
        <use
          xlinkHref="#icon-spinner"
        />
      </svg>
    </div>
  </button>,
  <button
    className="css-1d7p4vb"
    disabled={true}
    type="button"
  >
    <svg
      className="css-1xuhvjx"
      viewBox="0 0 16 16"
    >
      <use
        xlinkHref="#ok"
      />
    </svg>
    Click me
  </button>,
  <button
    className="css-91ixes"
    type="button"
  >
    <svg
      className="css-1xuhvjx"
      viewBox="0 0 16 16"
    >
      <use
        xlinkHref="#ok"
      />
    </svg>
    Click me
    <div
      className="css-9lvo7z"
    >
      <svg
        className="css-2ujzs2"
        viewBox="0 0 128 128"
      >
        <use
          xlinkHref="#icon-spinner"
        />
      </svg>
    </div>
  </button>,
  <button
    className="css-1xszzg0"
    disabled={true}
    type="button"
  >
    <svg
      className="css-1xuhvjx"
      viewBox="0 0 16 16"
    >
      <use
        xlinkHref="#ok"
      />
    </svg>
    Click me
  </button>,
  <button
    className="css-bnh1t9"
    title="Click me right meow!"
    type="button"
  >
    <svg
      className="css-1xuhvjx"
      viewBox="0 0 16 16"
    >
      <use
        xlinkHref="#ok"
      />
    </svg>
    Click me
    <div
      className="css-9lvo7z"
    >
      <svg
        className="css-2ujzs2"
        viewBox="0 0 128 128"
      >
        <use
          xlinkHref="#icon-spinner"
        />
      </svg>
    </div>
  </button>,
  <button
    className="css-1h9othq"
    disabled={true}
    title="Click me right meow!"
    type="button"
  >
    <svg
      className="css-1xuhvjx"
      viewBox="0 0 16 16"
    >
      <use
        xlinkHref="#ok"
      />
    </svg>
    Click me
  </button>,
  <button
    className="css-p9b22z"
    type="button"
  >
    <svg
      className="css-1xuhvjx"
      viewBox="0 0 16 16"
    >
      <use
        xlinkHref="#ok"
      />
    </svg>
    Click me
    <div
      className="css-9lvo7z"
    >
      <svg
        className="css-2ujzs2"
        viewBox="0 0 128 128"
      >
        <use
          xlinkHref="#icon-spinner"
        />
      </svg>
    </div>
  </button>,
  <button
    className="css-1sla6gb"
    disabled={true}
    type="button"
  >
    <svg
      className="css-1xuhvjx"
      viewBox="0 0 16 16"
    >
      <use
        xlinkHref="#ok"
      />
    </svg>
    Click me
  </button>,
  <button
    className="css-19lt81w"
    type="button"
  >
    <svg
      className="css-1xuhvjx"
      viewBox="0 0 16 16"
    >
      <use
        xlinkHref="#ok"
      />
    </svg>
    Click me
    <div
      className="css-9lvo7z"
    >
      <svg
        className="css-2ujzs2"
        viewBox="0 0 128 128"
      >
        <use
          xlinkHref="#icon-spinner"
        />
      </svg>
    </div>
  </button>,
  <button
    className="css-1a0p913"
    disabled={true}
    type="button"
  >
    <svg
      className="css-1xuhvjx"
      viewBox="0 0 16 16"
    >
      <use
        xlinkHref="#ok"
      />
    </svg>
    Click me
  </button>,
  <button
    className="css-nvpm8c"
    type="button"
  >
    <svg
      className="css-1xuhvjx"
      viewBox="0 0 16 16"
    >
      <use
        xlinkHref="#ok"
      />
    </svg>
    Click me
    <div
      className="css-9lvo7z"
    >
      <svg
        className="css-2ujzs2"
        viewBox="0 0 128 128"
      >
        <use
          xlinkHref="#icon-spinner"
        />
      </svg>
    </div>
  </button>,
  <button
    className="css-a30iox"
    disabled={true}
    type="button"
  >
    <svg
      className="css-1xuhvjx"
      viewBox="0 0 16 16"
    >
      <use
        xlinkHref="#ok"
      />
    </svg>
    Click me
  </button>,
  <button
    className="css-1dmxvmh"
    type="button"
  >
    <svg
      className="css-1xuhvjx"
      viewBox="0 0 16 16"
    >
      <use
        xlinkHref="#ok"
      />
    </svg>
    Click me
    <div
      className="css-9lvo7z"
    >
      <svg
        className="css-2ujzs2"
        viewBox="0 0 128 128"
      >
        <use
          xlinkHref="#icon-spinner"
        />
      </svg>
    </div>
  </button>,
  <button
    className="css-1hsw05e"
    disabled={true}
    type="button"
  >
    <svg
      className="css-1xuhvjx"
      viewBox="0 0 16 16"
    >
      <use
        xlinkHref="#ok"
      />
    </svg>
    Click me
  </button>,
]
`;

exports[`Simple buttons renders correctly idle state 1`] = `
Array [
  <button
    className="css-evzklt"
    title="Click me right meow!"
    type="button"
  >
    Click me
  </button>,
  <button
    className="css-4g5yri"
    disabled={true}
    title="Click me right meow!"
    type="button"
  >
    Click me
  </button>,
  <button
    className="css-1d0donb"
    type="button"
  >
    Click me
  </button>,
  <button
    className="css-1o8o0vs"
    disabled={true}
    type="button"
  >
    Click me
  </button>,
  <button
    className="css-ukk37f"
    type="button"
  >
    Click me
  </button>,
  <button
    className="css-9kqbid"
    disabled={true}
    type="button"
  >
    Click me
  </button>,
  <button
    className="css-1xupjk8"
    type="button"
  >
    Click me
  </button>,
  <button
    className="css-1d7p4vb"
    disabled={true}
    type="button"
  >
    Click me
  </button>,
  <button
    className="css-1quqse9"
    type="button"
  >
    Click me
  </button>,
  <button
    className="css-1xszzg0"
    disabled={true}
    type="button"
  >
    Click me
  </button>,
  <button
    className="css-5gymlc"
    title="Click me right meow!"
    type="button"
  >
    Click me
  </button>,
  <button
    className="css-1h9othq"
    disabled={true}
    title="Click me right meow!"
    type="button"
  >
    Click me
  </button>,
  <button
    className="css-141k52v"
    type="button"
  >
    Click me
  </button>,
  <button
    className="css-1sla6gb"
    disabled={true}
    type="button"
  >
    Click me
  </button>,
  <button
    className="css-1tv1wm1"
    type="button"
  >
    Click me
  </button>,
  <button
    className="css-1a0p913"
    disabled={true}
    type="button"
  >
    Click me
  </button>,
  <button
    className="css-321179"
    type="button"
  >
    Click me
  </button>,
  <button
    className="css-a30iox"
    disabled={true}
    type="button"
  >
    Click me
  </button>,
  <button
    className="css-s9dxk4"
    type="button"
  >
    Click me
  </button>,
  <button
    className="css-1hsw05e"
    disabled={true}
    type="button"
  >
    Click me
  </button>,
  <button
    className="css-2z3dx2"
    title="Click me right meow!"
    type="button"
  >
    Click me
  </button>,
  <button
    className="css-w63z1t"
    disabled={true}
    title="Click me right meow!"
    type="button"
  >
    Click me
  </button>,
  <button
    className="css-13r11g7"
    type="button"
  >
    Click me
  </button>,
  <button
    className="css-1a8fgxa"
    disabled={true}
    type="button"
  >
    Click me
  </button>,
  <button
    className="css-znikbj"
    type="button"
  >
    Click me
  </button>,
  <button
    className="css-eipq2k"
    disabled={true}
    type="button"
  >
    Click me
  </button>,
  <button
    className="css-1cj9edv"
    type="button"
  >
    Click me
  </button>,
  <button
    className="css-1ty437w"
    disabled={true}
    type="button"
  >
    Click me
  </button>,
  <button
    className="css-lkuzfm"
    type="button"
  >
    Click me
  </button>,
  <button
    className="css-30klcu"
    disabled={true}
    type="button"
  >
    Click me
  </button>,
]
`;

exports[`Simple buttons renders correctly loading state 1`] = `
Array [
  <button
    className="css-18yfhk3"
    title="Click me right meow!"
    type="button"
  >
    Click me
    <div
      className="css-9lvo7z"
    >
      <svg
        className="css-2ujzs2"
        viewBox="0 0 128 128"
      >
        <use
          xlinkHref="#icon-spinner"
        />
      </svg>
    </div>
  </button>,
  <button
    className="css-4g5yri"
    disabled={true}
    title="Click me right meow!"
    type="button"
  >
    Click me
  </button>,
  <button
    className="css-1rktl4m"
    type="button"
  >
    Click me
    <div
      className="css-9lvo7z"
    >
      <svg
        className="css-2ujzs2"
        viewBox="0 0 128 128"
      >
        <use
          xlinkHref="#icon-spinner"
        />
      </svg>
    </div>
  </button>,
  <button
    className="css-1o8o0vs"
    disabled={true}
    type="button"
  >
    Click me
  </button>,
  <button
    className="css-b8lgww"
    type="button"
  >
    Click me
    <div
      className="css-9lvo7z"
    >
      <svg
        className="css-2ujzs2"
        viewBox="0 0 128 128"
      >
        <use
          xlinkHref="#icon-spinner"
        />
      </svg>
    </div>
  </button>,
  <button
    className="css-9kqbid"
    disabled={true}
    type="button"
  >
    Click me
  </button>,
  <button
    className="css-sexjz1"
    type="button"
  >
    Click me
    <div
      className="css-9lvo7z"
    >
      <svg
        className="css-2ujzs2"
        viewBox="0 0 128 128"
      >
        <use
          xlinkHref="#icon-spinner"
        />
      </svg>
    </div>
  </button>,
  <button
    className="css-1d7p4vb"
    disabled={true}
    type="button"
  >
    Click me
  </button>,
  <button
    className="css-91ixes"
    type="button"
  >
    Click me
    <div
      className="css-9lvo7z"
    >
      <svg
        className="css-2ujzs2"
        viewBox="0 0 128 128"
      >
        <use
          xlinkHref="#icon-spinner"
        />
      </svg>
    </div>
  </button>,
  <button
    className="css-1xszzg0"
    disabled={true}
    type="button"
  >
    Click me
  </button>,
  <button
    className="css-bnh1t9"
    title="Click me right meow!"
    type="button"
  >
    Click me
    <div
      className="css-9lvo7z"
    >
      <svg
        className="css-2ujzs2"
        viewBox="0 0 128 128"
      >
        <use
          xlinkHref="#icon-spinner"
        />
      </svg>
    </div>
  </button>,
  <button
    className="css-1h9othq"
    disabled={true}
    title="Click me right meow!"
    type="button"
  >
    Click me
  </button>,
  <button
    className="css-p9b22z"
    type="button"
  >
    Click me
    <div
      className="css-9lvo7z"
    >
      <svg
        className="css-2ujzs2"
        viewBox="0 0 128 128"
      >
        <use
          xlinkHref="#icon-spinner"
        />
      </svg>
    </div>
  </button>,
  <button
    className="css-1sla6gb"
    disabled={true}
    type="button"
  >
    Click me
  </button>,
  <button
    className="css-19lt81w"
    type="button"
  >
    Click me
    <div
      className="css-9lvo7z"
    >
      <svg
        className="css-2ujzs2"
        viewBox="0 0 128 128"
      >
        <use
          xlinkHref="#icon-spinner"
        />
      </svg>
    </div>
  </button>,
  <button
    className="css-1a0p913"
    disabled={true}
    type="button"
  >
    Click me
  </button>,
  <button
    className="css-nvpm8c"
    type="button"
  >
    Click me
    <div
      className="css-9lvo7z"
    >
      <svg
        className="css-2ujzs2"
        viewBox="0 0 128 128"
      >
        <use
          xlinkHref="#icon-spinner"
        />
      </svg>
    </div>
  </button>,
  <button
    className="css-a30iox"
    disabled={true}
    type="button"
  >
    Click me
  </button>,
  <button
    className="css-1dmxvmh"
    type="button"
  >
    Click me
    <div
      className="css-9lvo7z"
    >
      <svg
        className="css-2ujzs2"
        viewBox="0 0 128 128"
      >
        <use
          xlinkHref="#icon-spinner"
        />
      </svg>
    </div>
  </button>,
  <button
    className="css-1hsw05e"
    disabled={true}
    type="button"
  >
    Click me
  </button>,
  <button
    className="css-11tyc3z"
    title="Click me right meow!"
    type="button"
  >
    Click me
    <div
      className="css-9lvo7z"
    >
      <svg
        className="css-2ujzs2"
        viewBox="0 0 128 128"
      >
        <use
          xlinkHref="#icon-spinner"
        />
      </svg>
    </div>
  </button>,
  <button
    className="css-w63z1t"
    disabled={true}
    title="Click me right meow!"
    type="button"
  >
    Click me
  </button>,
  <button
    className="css-lbbvej"
    type="button"
  >
    Click me
    <div
      className="css-9lvo7z"
    >
      <svg
        className="css-2ujzs2"
        viewBox="0 0 128 128"
      >
        <use
          xlinkHref="#icon-spinner"
        />
      </svg>
    </div>
  </button>,
  <button
    className="css-1a8fgxa"
    disabled={true}
    type="button"
  >
    Click me
  </button>,
  <button
    className="css-1ed99p9"
    type="button"
  >
    Click me
    <div
      className="css-9lvo7z"
    >
      <svg
        className="css-2ujzs2"
        viewBox="0 0 128 128"
      >
        <use
          xlinkHref="#icon-spinner"
        />
      </svg>
    </div>
  </button>,
  <button
    className="css-eipq2k"
    disabled={true}
    type="button"
  >
    Click me
  </button>,
  <button
    className="css-8ql8sv"
    type="button"
  >
    Click me
    <div
      className="css-9lvo7z"
    >
      <svg
        className="css-2ujzs2"
        viewBox="0 0 128 128"
      >
        <use
          xlinkHref="#icon-spinner"
        />
      </svg>
    </div>
  </button>,
  <button
    className="css-1ty437w"
    disabled={true}
    type="button"
  >
    Click me
  </button>,
  <button
    className="css-1phxxrl"
    type="button"
  >
    Click me
    <div
      className="css-9lvo7z"
    >
      <svg
        className="css-2ujzs2"
        viewBox="0 0 128 128"
      >
        <use
          xlinkHref="#icon-spinner"
        />
      </svg>
    </div>
  </button>,
  <button
    className="css-30klcu"
    disabled={true}
    type="button"
  >
    Click me
  </button>,
]
`;
