// Jest Snapshot v1, https://goo.gl/fbAQLP

exports[`ModalBody renders with scrollbars 1`] = `
.emotion-0 {
  position: relative;
  width: 100%;
  height: 100%;
}

.emotion-1 {
  padding-right: 30px;
  position: absolute;
  inset: 0px;
  overflow: auto;
}

.emotion-1 {
  scrollbar-width: thin;
  scrollbar-color: rgba(92, 96, 108, 0.5) transparent;
}

.emotion-1::-webkit-scrollbar {
  width: 6px;
  height: 6px;
  margin-right: 3px;
}

.emotion-1::-webkit-scrollbar-track {
  background-color: transparent;
}

.emotion-1::-webkit-scrollbar-thumb {
  background-color: rgba(92, 96, 108, 0.5);
  border-radius: 4px;
}

<div
  className="emotion-0 external-class"
>
  <div
    className="emotion-1"
  >
    content
  </div>
</div>
`;

exports[`ModalBody renders without scrollbars 1`] = `
.emotion-0 {
  width: 100%;
  height: 100%;
  padding-left: 30px;
  padding-right: 30px;
  overflow: hidden;
}

<div
  className="emotion-0 external-class"
>
  content
</div>
`;
