// Jest Snapshot v1, https://goo.gl/fbAQLP

exports[`TextArea renders correctly 1`] = `
Array [
  <div
    className="css-rnhzxe"
  >
    <textarea
      className="css-17erkce"
      onBlur={[Function]}
      onChange={[MockFunction]}
      onFocus={[Function]}
      value="Example text"
    />
  </div>,
  <div
    className="css-3h7zp9"
  >
    <textarea
      className="css-17erkce"
      onBlur={[Function]}
      onChange={[MockFunction]}
      onFocus={[Function]}
      value="Example text"
    />
  </div>,
  <div
    className="css-o72vjl"
  >
    <textarea
      className="css-17erkce"
      disabled={true}
      onBlur={[Function]}
      onChange={[MockFunction]}
      onFocus={[Function]}
      value="Example text"
    />
  </div>,
  <div
    className="css-rnhzxe"
  >
    <textarea
      className="css-17erkce"
      onBlur={[Function]}
      onChange={[MockFunction]}
      onFocus={[Function]}
      rows={5}
      value="Example text"
    />
  </div>,
  <div
    className="css-rnhzxe"
  >
    <textarea
      className="css-ot5b0e"
      onBlur={[Function]}
      onChange={[MockFunction]}
      onFocus={[Function]}
      value="Example text"
    />
  </div>,
  <div
    className="css-3h7zp9"
  >
    <textarea
      className="css-ot5b0e"
      onBlur={[Function]}
      onChange={[MockFunction]}
      onFocus={[Function]}
      value="Example text"
    />
  </div>,
  <div
    className="css-o72vjl"
  >
    <textarea
      className="css-ot5b0e"
      disabled={true}
      onBlur={[Function]}
      onChange={[MockFunction]}
      onFocus={[Function]}
      value="Example text"
    />
  </div>,
  <div
    className="css-rnhzxe"
  >
    <textarea
      className="css-ot5b0e"
      onBlur={[Function]}
      onChange={[MockFunction]}
      onFocus={[Function]}
      rows={5}
      value="Example text"
    />
  </div>,
]
`;
