// Jest Snapshot v1, https://goo.gl/fbAQLP

exports[`LeaderFlagSmall renders correctly 1`] = `
.emotion-0 {
  width: 42px;
  height: 8px;
}

<svg
  className="emotion-0"
  viewBox="0 0 42 8"
>
  <use
    xlinkHref="#flagSmall"
  />
</svg>
`;
