// Jest Snapshot v1, https://goo.gl/fbAQLP

exports[`LabeledInput renders correctly 1`] = `
Array [
  <label
    className="css-kf3i1p"
  >
    <div
      className="css-13kfgn1"
    >
      <span
        className="css-dpor9z"
      >
        Label
        <div
          className="css-vj79ep"
          onMouseEnter={[Function]}
          onMouseLeave={[Function]}
          onScroll={[Function]}
          placement="top"
        >
          <svg
            className="css-n25ly7"
            viewBox="0 0 12 12"
          >
            <use
              xlinkHref="#info"
            />
          </svg>
        </div>
      </span>
    </div>
    <div
      className="css-w03906"
      title="Input"
    >
      <input
        className="css-1ssefzq"
        onBlur={[Function]}
        onChange={[Function]}
        onFocus={[Function]}
        placeholder="Placeholder"
        value="qwertyuiop"
      />
    </div>
    <p
      className="css-1ddecx1"
    >
      Field is required
    </p>
  </label>,
  <label
    className="css-kf3i1p"
  >
    <div
      className="css-13kfgn1"
    >
      <span
        className="css-dpor9z"
      >
        Label
      </span>
      <span
        className="css-1dhlryp"
      >
        Sub title
      </span>
    </div>
    <div
      className="css-1prx3ty"
      title="Input"
    >
      <input
        className="css-1kkc718"
        onBlur={[Function]}
        onChange={[Function]}
        onFocus={[Function]}
        placeholder="Placeholder"
        type="password"
        value="qwertyuiop"
      />
      <div
        className="css-jgwfcl"
      >
        <button
          className="css-pa2svn"
          onClick={[Function]}
          type="button"
        >
          <svg
            className="css-1v31moo"
            viewBox="0 0 16 16"
          >
            <use
              xlinkHref="#icon-eye-opened"
            />
          </svg>
        </button>
      </div>
    </div>
    <p
      className="css-5ut22t"
    />
  </label>,
  <label
    className="css-kf3i1p"
  >
    <div
      className="css-13kfgn1"
    >
      <span
        className="css-dpor9z"
      >
        Label
      </span>
      <span
        className="css-1dhlryp"
      >
        Sub title
      </span>
    </div>
    <div
      className="css-1prx3ty"
      title="Input"
    >
      <input
        className="css-1ssefzq"
        onBlur={[Function]}
        onChange={[Function]}
        onFocus={[Function]}
        placeholder="Placeholder"
        value="qwertyuiop"
      />
    </div>
    <p
      className="css-5ut22t"
    >
      Field is required
    </p>
  </label>,
  <label
    className="css-kf3i1p"
  >
    <div
      className="css-13kfgn1"
    >
      <span
        className="css-dpor9z"
      >
        Multiline labeled input
      </span>
      <span
        className="css-1dhlryp"
      >
        Sub title
      </span>
    </div>
    <div
      className="css-1izkox9"
      title="Input"
    >
      <textarea
        className="css-1yq8nnk"
        onBlur={[Function]}
        onChange={[Function]}
        onFocus={[Function]}
        placeholder="Placeholder"
        rows={4}
        value="qwertyuiop"
      />
    </div>
    <p
      className="css-5ut22t"
    >
      Field is required
    </p>
  </label>,
]
`;
