// Jest Snapshot v1, https://goo.gl/fbAQLP

exports[`PageLayout renders succesfully 1`] = `
Array [
  <div
    className="css-1tgvd0c"
  >
    <div
      className="css-pyr5ve"
    >
      <h1
        className="css-1xisb9e"
      >
        Cluster
      </h1>
      <span
        className="css-1ggp6x0"
      >
        Heading content
      </span>
    </div>
  </div>,
  <div
    className="css-13d9vqf"
  >
    <div
      className="css-pyr5ve"
    >
      <h1
        className="css-1xisb9e"
      >
        Cluster
      </h1>
      <div
        className="css-70qvj9"
      >
        <div
          className="css-12ibiio"
        >
          <button
            className="css-1swuuzl"
            type="button"
          >
            Details
          </button>
        </div>
        <div
          className="css-12ibiio"
        >
          <button
            className="css-1swuuzl"
            type="button"
          >
            Issues
          </button>
        </div>
      </div>
    </div>
  </div>,
]
`;
