// Jest Snapshot v1, https://goo.gl/fbAQLP

exports[`AppHeader renders correctly 1`] = `
<div
  className="css-10s8soo"
>
  <div
    className="css-vbwxsy"
  >
    <span
      className="css-4haz1u"
    >
      Project name
    </span>
    <div
      className="css-vzwfet"
    >
      <span
        className="css-sw5zrb"
      >
        /
      </span>
      <a
        className="css-1gpforn"
        href="/tarantool"
        onClick={[Function]}
      >
        @tarantool.io/ui-kit
      </a>
      <span
        className="css-sw5zrb"
      >
        /
      </span>
      <a
        className="css-1gpforn"
        href="/section-ui-components"
        onClick={[Function]}
      >
        UI Components
      </a>
      <span
        className="css-sw5zrb"
      >
        /
      </span>
      <a
        className="css-1gpforn"
        href="/breadcrumb"
        onClick={[Function]}
      >
        Breadcrumb
      </a>
      <span
        className="css-sw5zrb"
      >
        /
      </span>
      <a
        className="css-1gpforn"
        href="/overflow-list"
        onClick={[Function]}
      >
        OverflowList
      </a>
      <span
        className="css-sw5zrb"
      >
        /
      </span>
      <a
        className="css-1gpforn"
        href="/resize-sensor"
        onClick={[Function]}
      >
        ResizeSensor
      </a>
      <span
        className="css-sw5zrb"
      >
        /
      </span>
      <a
        className="css-1gpforn"
        href="/resize-sensor-again"
        onClick={[Function]}
      >
        ResizeSensor again
      </a>
      <div
        className="css-11rp940"
      />
    </div>
  </div>
  <div
    className="css-1p3wnpi"
  >
    <div
      className="css-12ibiio"
    >
      <button
        className="css-6zj69m"
        title="Search"
        type="button"
      >
        <svg
          className="css-1t0dl15"
          viewBox="0 0 16 16"
        >
          <use
            xlinkHref="#search"
          />
        </svg>
      </button>
    </div>
    <div
      className="css-12ibiio"
    >
      <button
        className="css-ixus2c"
        type="button"
      >
        Log in
      </button>
    </div>
  </div>
</div>
`;
