// Jest Snapshot v1, https://goo.gl/fbAQLP

exports[`IconHelperClose renders correctly 1`] = `
<svg
  className="css-16d6do5"
  viewBox="0 0 16 16"
>
  <use
    xlinkHref="#close"
  />
</svg>
`;
